../Core/Src/ImC/decoder.c:86:5:getImage	64	static
../Core/Src/ImC/decoder.c:126:5:decodeMyImage	17856	static
../Core/Src/ImC/decoder.c:690:16:readRAM	32	static
../Core/Src/ImC/decoder.c:704:16:readFLASH	32	static
../Core/Src/ImC/decoder.c:718:16:seekMem	16	static
../Core/Src/ImC/decoder.c:766:12:JPEGInit	16	static
../Core/Src/ImC/decoder.c:773:12:JPEGGetHuffTables	48	static
../Core/Src/ImC/decoder.c:1002:12:JPEGMakeHuffTables	136	static
../Core/Src/ImC/decoder.c:1215:17:TIFFSHORT	24	static
../Core/Src/ImC/decoder.c:1230:17:TIFFLONG	24	static
../Core/Src/ImC/decoder.c:1245:12:TIFFVALUE	24	static
../Core/Src/ImC/decoder.c:1279:13:GetTIFFInfo	48	static
../Core/Src/ImC/decoder.c:1311:12:JPEGGetSOS	40	static
../Core/Src/ImC/decoder.c:1364:12:JPEGFilter	40	static
../Core/Src/ImC/decoder.c:1404:13:JPEGGetMoreData	24	static
../Core/Src/ImC/decoder.c:1432:12:JPEGParseInfo	64	static
../Core/Src/ImC/decoder.c:1627:13:JPEGFixQuantD	160	static
../Core/Src/ImC/decoder.c:1653:12:JPEGDecodeMCU	80	static
../Core/Src/ImC/decoder.c:1841:13:JPEGIDCT	120	static
../Core/Src/ImC/decoder.c:2083:13:JPEGPutMCU8BitGray	64	static
../Core/Src/ImC/decoder.c:2298:13:JPEGPutMCUGray	56	static
../Core/Src/ImC/decoder.c:2354:13:JPEGPixelLE	48	static
../Core/Src/ImC/decoder.c:2389:13:JPEGPixelBE	48	static
../Core/Src/ImC/decoder.c:2404:13:JPEGPixel2LE	48	static
../Core/Src/ImC/decoder.c:2445:13:JPEGPixel2BE	48	static
../Core/Src/ImC/decoder.c:2464:13:JPEGPutMCU11	64	static
../Core/Src/ImC/decoder.c:2582:13:JPEGPutMCU22	104	static
../Core/Src/ImC/decoder.c:2916:13:JPEGPutMCU12	72	static
../Core/Src/ImC/decoder.c:3068:13:JPEGPutMCU21	72	static
../Core/Src/ImC/decoder.c:3195:13:JPEGDither	112	static
../Core/Src/ImC/decoder.c:3270:12:DecodeJPEG	176	static
