../Core/Src/sc03mpd/sc03mpd.c:74:13:sc03mpd_init_trx	16	static
../Core/Src/sc03mpd/sc03mpd.c:82:13:sc03mpd_build_rst	16	static
../Core/Src/sc03mpd/sc03mpd.c:90:13:sc03mpd_build_bdr	16	static
../Core/Src/sc03mpd/sc03mpd.c:100:13:sc03mpd_build_cdb	16	static
../Core/Src/sc03mpd/sc03mpd.c:113:13:sc03mpd_build_cmp	16	static
../Core/Src/sc03mpd/sc03mpd.c:125:13:sc03mpd_build_res	16	static
../Core/Src/sc03mpd/sc03mpd.c:137:13:sc03mpd_build_ctr	16	static
../Core/Src/sc03mpd/sc03mpd.c:146:13:sc03mpd_build_stp	16	static
../Core/Src/sc03mpd/sc03mpd.c:155:13:sc03mpd_build_len	16	static
../Core/Src/sc03mpd/sc03mpd.c:164:13:sc03mpd_build_img	16	static
../Core/Src/sc03mpd/sc03mpd.c:181:13:sc03mpd_build_clr	16	static
../Core/Src/sc03mpd/sc03mpd.c:190:16:sc03mpd_do_transaction	32	static
../Core/Src/sc03mpd/sc03mpd.c:220:16:sc03mpd_validate_baud	16	static
../Core/Src/sc03mpd/sc03mpd.c:233:16:sc03mpd_validate_ires	16	static
../Core/Src/sc03mpd/sc03mpd.c:244:16:sc03mpd_validate_clr	16	static
../Core/Src/sc03mpd/sc03mpd.c:255:9:sc03mpd_reset	256	static
../Core/Src/sc03mpd/sc03mpd.c:283:9:sc03mpd_set_baud	56	static
../Core/Src/sc03mpd/sc03mpd.c:294:9:sc03mpd_set_icmp	48	static
../Core/Src/sc03mpd/sc03mpd.c:300:9:sc03mpd_set_ires	48	static
../Core/Src/sc03mpd/sc03mpd.c:309:9:sc03mpd_get_ilen	48	static
../Core/Src/sc03mpd/sc03mpd.c:322:9:sc03mpd_get_idat	80	static
../Core/Src/sc03mpd/sc03mpd.c:356:9:sc03mpd_capture	48	static
../Core/Src/sc03mpd/sc03mpd.c:362:9:sc03mpd_stop	48	static
../Core/Src/sc03mpd/sc03mpd.c:368:9:sc03mpd_set_clr	48	static
